2026-08-17 00:20:40,940 INFO 从心跳恢复未闭合区间 15.0 秒
2026-08-17 00:22:36,973 INFO 采集线程启动
2026-08-17 00:22:36,975 INFO 面板服务启动: http://127.0.0.1:8765
2026-08-17 00:36:30,435 INFO 从心跳恢复未闭合区间 15.0 秒
2026-08-17 00:37:11,327 INFO 从心跳恢复未闭合区间 15.0 秒
2026-08-17 00:50:41,056 INFO 从心跳恢复未闭合区间 69.2 秒
2026-08-17 00:50:41,057 INFO 采集线程启动
2026-08-17 00:50:41,501 INFO 面板服务启动: http://127.0.0.1:8765
2026-08-17 09:25:14,473 INFO 采集线程启动
2026-08-17 09:25:14,474 INFO 面板服务启动: http://127.0.0.1:8765
2026-08-17 09:48:12,039 INFO 从心跳恢复未闭合区间 577.7 秒
2026-08-17 09:48:12,040 INFO 采集线程启动
2026-08-17 09:48:12,041 INFO 面板服务启动: http://127.0.0.1:8765
2026-08-17 09:50:22,980 INFO 采集线程退出
2026-08-17 09:50:23,448 INFO 程序退出
2026-08-17 10:10:55,389 INFO 采集线程启动
2026-08-17 10:10:55,390 INFO 面板服务启动: http://127.0.0.1:8765
2026-08-17 10:17:46,442 INFO 采集线程退出
2026-08-17 10:17:46,799 INFO 程序退出
2026-08-17 10:17:48,363 INFO 采集线程启动
2026-08-17 10:17:48,365 INFO 面板服务启动: http://127.0.0.1:8765
2026-08-17 10:30:23,799 INFO 采集线程退出
2026-08-17 10:30:24,189 INFO 程序退出
2026-08-17 10:41:14,921 INFO 采集线程启动
2026-08-17 10:41:14,922 INFO 面板服务启动: http://127.0.0.1:8765
2026-08-17 10:49:57,093 INFO 从心跳恢复未闭合区间 15.0 秒
2026-08-17 10:52:14,803 INFO 采集线程退出
2026-08-17 10:52:14,886 INFO 程序退出
2026-08-17 10:52:15,989 INFO 已按新规则重算近 7 天分类
2026-08-17 10:52:15,990 INFO 采集线程启动
2026-08-17 10:52:15,991 INFO 面板服务启动: http://127.0.0.1:8765
2026-08-17 11:09:40,327 INFO 采集线程退出
2026-08-17 11:09:40,743 INFO 程序退出
2026-08-17 11:09:55,734 INFO 采集线程启动
2026-08-17 11:09:55,735 INFO 面板服务启动: http://127.0.0.1:8765
2026-08-17 11:21:19,826 INFO 从心跳恢复未闭合区间 15.0 秒
2026-08-17 12:33:00,775 INFO 采集线程退出
2026-08-17 12:33:01,194 INFO 程序退出
2026-08-17 12:33:08,253 INFO 采集线程启动
2026-08-17 12:33:08,254 INFO 面板服务启动: http://127.0.0.1:8765
2026-08-17 13:13:07,673 INFO 采集线程退出
2026-08-17 13:13:07,793 INFO 程序退出
2026-08-17 13:13:09,887 INFO 采集线程启动
2026-08-17 13:13:09,889 INFO 面板服务启动: http://127.0.0.1:8765
2026-08-17 13:22:58,151 INFO 从心跳恢复未闭合区间 15.0 秒
2026-08-17 13:23:32,901 INFO 采集线程退出
2026-08-17 13:23:33,216 INFO 程序退出
2026-08-17 13:23:35,892 INFO 采集线程启动
2026-08-17 13:23:35,893 INFO 面板服务启动: http://127.0.0.1:8765
2026-08-17 13:23:36,783 INFO 桌宠逻辑坐标 1487,739 工作区 (0, 0, 1707, 1019)
2026-08-17 13:23:36,793 INFO 桌宠窗口 visible=True rect=2230,1108 278x304
2026-08-17 13:35:40,120 INFO 从心跳恢复未闭合区间 15.0 秒
2026-08-17 13:36:16,862 INFO 采集线程退出
2026-08-17 13:36:17,377 INFO 程序退出
2026-08-17 13:36:19,850 INFO 采集线程启动
2026-08-17 13:36:19,851 INFO 面板服务启动: http://127.0.0.1:8765
2026-08-17 13:36:20,716 INFO 桌宠逻辑坐标 852,48 工作区 (0, 0, 1707, 1019)
2026-08-17 13:36:20,736 INFO 桌宠窗口 visible=True rect=1278,72 305x412
2026-08-17 13:50:17,011 INFO 从心跳恢复未闭合区间 15.0 秒
2026-08-17 13:50:53,147 INFO 采集线程退出
2026-08-17 13:50:53,480 INFO 程序退出
2026-08-17 13:50:56,158 INFO 采集线程启动
2026-08-17 13:50:56,159 INFO 面板服务启动: http://127.0.0.1:8765
2026-08-17 13:50:57,042 INFO 桌宠逻辑坐标 607,8 工作区 (0, 0, 1707, 1019)
2026-08-17 13:50:57,066 INFO 桌宠窗口 visible=True rect=910,12 239x314
2026-08-17 14:07:09,040 INFO 从心跳恢复未闭合区间 15.0 秒
2026-08-17 14:07:41,479 INFO 从心跳恢复未闭合区间 15.0 秒
2026-08-17 14:08:15,521 INFO 采集线程退出
2026-08-17 14:08:15,875 INFO 程序退出
2026-08-17 14:08:18,633 INFO 采集线程启动
2026-08-17 14:08:18,635 INFO 面板服务启动: http://127.0.0.1:8765
2026-08-17 14:08:19,653 INFO 桌宠窗口 visible=True rect=2060,548 202x247
2026-08-17 14:16:32,426 INFO 从心跳恢复未闭合区间 15.0 秒
2026-08-17 14:17:00,253 INFO 从心跳恢复未闭合区间 15.0 秒
2026-08-17 14:17:55,541 INFO 采集线程退出
2026-08-17 14:17:55,888 INFO 程序退出
2026-08-17 14:18:26,941 INFO 采集线程启动
2026-08-17 14:18:26,942 INFO 面板服务启动: http://127.0.0.1:8765
2026-08-17 14:18:27,811 INFO 桌宠分层窗口 hwnd=789442 visible=False
2026-08-17 14:18:27,811 INFO 桌宠窗口 visible=False rect=1532,171 327x447
2026-08-17 14:18:27,811 WARNING 桌宠窗口不可见，请检查 DPI 坐标
2026-08-17 14:19:48,813 INFO 采集线程退出
2026-08-17 14:19:49,166 INFO 程序退出
2026-08-17 14:20:57,298 INFO 采集线程启动
2026-08-17 14:20:57,299 INFO 面板服务启动: http://127.0.0.1:8765
2026-08-17 14:20:58,149 INFO 桌宠分层窗口 hwnd=6621534 visible=True
2026-08-17 14:20:58,149 INFO 桌宠窗口 visible=True rect=1532,171 327x447
2026-08-17 14:25:31,056 INFO 从心跳恢复未闭合区间 15.0 秒
2026-08-17 14:26:05,353 INFO 采集线程退出
2026-08-17 14:26:05,744 INFO 程序退出
2026-08-17 14:26:08,348 INFO 采集线程启动
2026-08-17 14:26:08,350 INFO 面板服务启动: http://127.0.0.1:8765
2026-08-17 14:26:09,210 INFO 桌宠分层窗口 hwnd=1575182 visible=True
2026-08-17 14:26:09,210 INFO 桌宠窗口 visible=True rect=486,12 402x438
2026-08-17 14:27:09,961 INFO 采集线程退出
2026-08-17 14:27:10,201 INFO 程序退出
2026-08-17 14:27:42,138 INFO 采集线程启动
2026-08-17 14:27:42,139 INFO 面板服务启动: http://127.0.0.1:8765
2026-08-17 14:27:42,980 INFO 桌宠分层窗口 hwnd=592260 visible=True
2026-08-17 14:27:42,980 INFO 桌宠窗口 visible=True rect=1042,12 402x438
2026-08-17 14:45:24,884 INFO 从心跳恢复未闭合区间 15.0 秒
2026-08-17 14:45:58,310 INFO 采集线程退出
2026-08-17 14:45:58,704 INFO 程序退出
2026-08-17 14:46:36,702 INFO 采集线程启动
2026-08-17 14:46:36,703 INFO 面板服务启动: http://127.0.0.1:8765
2026-08-17 14:46:37,575 INFO 桌宠分层窗口 hwnd=1771962 visible=True
2026-08-17 14:46:37,575 INFO 桌宠窗口 visible=True rect=476,12 402x438
2026-08-17 14:56:13,649 INFO 从心跳恢复未闭合区间 15.0 秒
2026-08-17 14:57:23,921 INFO 采集线程退出
2026-08-17 14:57:24,294 INFO 程序退出
2026-08-17 14:57:55,318 INFO 采集线程启动
2026-08-17 14:57:55,320 INFO 面板服务启动: http://127.0.0.1:8765
2026-08-17 14:57:56,178 INFO 桌宠分层窗口 hwnd=2492934 visible=True
2026-08-17 14:57:56,178 INFO 桌宠窗口 visible=True rect=76,12 402x438
2026-08-17 14:59:43,923 INFO 采集线程退出
2026-08-17 14:59:44,074 INFO 程序退出
2026-08-17 14:59:46,147 INFO 采集线程启动
2026-08-17 14:59:46,148 INFO 面板服务启动: http://127.0.0.1:8765
2026-08-17 14:59:47,019 INFO 桌宠分层窗口 hwnd=1903034 visible=True
2026-08-17 14:59:47,019 INFO 桌宠窗口 visible=True rect=1776,548 402x438
2026-08-17 15:02:00,111 INFO 从心跳恢复未闭合区间 15.0 秒
2026-08-17 15:02:48,478 INFO 从心跳恢复未闭合区间 15.0 秒
2026-08-17 15:03:23,064 INFO 采集线程退出
2026-08-17 15:03:23,447 INFO 程序退出
2026-08-17 15:04:01,041 INFO 采集线程启动
2026-08-17 15:04:01,043 INFO 面板服务启动: http://127.0.0.1:8765
2026-08-17 15:04:01,899 INFO 桌宠分层窗口 hwnd=458962 visible=True
2026-08-17 15:04:01,899 INFO 桌宠窗口 visible=True rect=12,12 402x438
2026-08-17 15:37:15,129 INFO 从心跳恢复未闭合区间 15.0 秒
2026-08-17 15:38:27,410 INFO 从心跳恢复未闭合区间 15.0 秒
2026-08-17 15:38:27,614 INFO 从心跳恢复未闭合区间 15.0 秒
2026-08-17 15:39:14,174 INFO 采集线程退出
2026-08-17 15:39:14,582 INFO 程序退出
2026-08-17 15:39:17,307 INFO 采集线程启动
2026-08-17 15:39:17,308 INFO 面板服务启动: http://127.0.0.1:8765
2026-08-17 15:39:18,198 INFO 桌宠分层窗口 hwnd=1247670 visible=True
2026-08-17 15:39:18,198 INFO 桌宠窗口 visible=True rect=12,154 402x438
2026-08-17 15:41:53,157 INFO 从心跳恢复未闭合区间 15.0 秒
2026-08-17 15:42:25,832 INFO 采集线程退出
2026-08-17 15:42:26,165 INFO 程序退出
2026-08-17 15:42:28,843 INFO 采集线程启动
2026-08-17 15:42:28,844 INFO 面板服务启动: http://127.0.0.1:8765
2026-08-17 15:42:29,692 INFO 桌宠分层窗口 hwnd=1313206 visible=True
2026-08-17 15:42:29,693 INFO 桌宠窗口 visible=True rect=12,154 402x438
2026-08-17 16:03:16,722 INFO 从心跳恢复未闭合区间 15.0 秒
2026-08-17 16:03:51,567 INFO 从心跳恢复未闭合区间 15.0 秒
2026-08-17 16:03:51,771 INFO 从心跳恢复未闭合区间 15.0 秒
2026-08-17 16:04:34,080 INFO 采集线程退出
2026-08-17 16:04:34,447 INFO 程序退出
2026-08-17 16:04:37,170 INFO 采集线程启动
2026-08-17 16:04:37,171 INFO 面板服务启动: http://127.0.0.1:8765
2026-08-17 16:04:38,047 INFO 桌宠分层窗口 hwnd=1378742 visible=True
2026-08-17 16:04:38,047 INFO 桌宠窗口 visible=True rect=1274,12 402x438
2026-08-17 16:05:13,866 INFO 采集线程退出
2026-08-17 16:05:14,173 INFO 程序退出
2026-08-17 16:05:16,811 INFO 采集线程启动
2026-08-17 16:05:16,813 INFO 面板服务启动: http://127.0.0.1:8765
2026-08-17 16:05:17,664 INFO 桌宠分层窗口 hwnd=2035614 visible=True
2026-08-17 16:05:17,665 INFO 桌宠窗口 visible=True rect=1359,429 402x438
2026-08-17 17:10:21,780 INFO 从心跳恢复未闭合区间 15.0 秒
2026-08-17 17:11:15,611 INFO 从心跳恢复未闭合区间 15.0 秒
2026-08-17 17:12:03,523 INFO 从心跳恢复未闭合区间 15.1 秒
2026-08-17 17:12:03,524 INFO 采集线程启动
2026-08-17 17:12:03,525 INFO 面板服务启动: http://127.0.0.1:8765
2026-08-17 17:12:05,089 INFO 桌宠分层窗口 hwnd=3805116 visible=True
2026-08-17 17:12:05,089 INFO 桌宠窗口 visible=True rect=1186,130 402x438
2026-08-17 17:22:38,913 INFO 从心跳恢复未闭合区间 15.0 秒
2026-08-17 17:23:20,146 INFO 程序退出
2026-08-17 17:23:22,825 INFO 采集线程启动
2026-08-17 17:23:22,827 INFO 面板服务启动: http://127.0.0.1:8765
2026-08-17 17:23:24,299 INFO 桌宠分层窗口 hwnd=103154366 visible=True
2026-08-17 17:23:24,299 INFO 桌宠窗口 visible=True rect=50,12 402x438
2026-08-17 17:24:14,181 INFO 采集线程启动
2026-08-17 17:24:14,182 INFO 面板服务启动: http://127.0.0.1:8765
2026-08-17 17:24:15,061 INFO 桌宠分层窗口 hwnd=6163668 visible=True
2026-08-17 17:24:15,061 INFO 桌宠窗口 visible=True rect=50,12 402x438
2026-08-17 17:29:55,461 INFO 从心跳恢复未闭合区间 15.0 秒
2026-08-17 17:30:34,192 INFO 采集线程启动
2026-08-17 17:30:34,194 INFO 面板服务启动: http://127.0.0.1:8765
2026-08-17 17:30:35,124 INFO 桌宠分层窗口 hwnd=15995412 visible=True
2026-08-17 17:30:35,124 INFO 桌宠窗口 visible=True rect=1578,15 402x438
2026-08-17 17:34:04,514 INFO 从心跳恢复未闭合区间 33.2 秒
2026-08-17 17:34:04,515 INFO 采集线程启动
2026-08-17 17:34:04,516 INFO 面板服务启动: http://127.0.0.1:8765
2026-08-17 17:34:05,386 INFO 桌宠分层窗口 hwnd=96275238 visible=True
2026-08-17 17:34:05,387 INFO 桌宠窗口 visible=True rect=934,188 402x438
2026-08-17 17:37:32,541 INFO 从心跳恢复未闭合区间 15.0 秒
2026-08-17 17:38:07,515 INFO 采集线程退出
2026-08-17 17:38:07,916 INFO 程序退出
2026-08-17 17:38:10,564 INFO 采集线程启动
2026-08-17 17:38:10,566 INFO 面板服务启动: http://127.0.0.1:8765
2026-08-17 17:38:11,444 INFO 桌宠分层窗口 hwnd=855748 visible=True
2026-08-17 17:38:11,445 INFO 桌宠窗口 visible=True rect=12,50 402x438
2026-08-17 17:45:45,599 INFO 从心跳恢复未闭合区间 15.0 秒
2026-08-17 17:46:17,372 INFO 采集线程退出
2026-08-17 17:46:17,568 INFO 程序退出
2026-08-17 17:46:20,412 INFO 采集线程启动
2026-08-17 17:46:20,413 INFO 面板服务启动: http://127.0.0.1:8765
2026-08-17 17:46:21,298 INFO 桌宠分层窗口 hwnd=7669212 visible=True
2026-08-17 17:46:21,298 INFO 桌宠窗口 visible=True rect=908,292 402x438
2026-08-17 17:49:06,729 INFO 从心跳恢复未闭合区间 15.0 秒
2026-08-17 17:49:40,263 INFO 采集线程退出
2026-08-17 17:49:40,724 INFO 程序退出
2026-08-17 17:49:43,282 INFO 采集线程启动
2026-08-17 17:49:43,284 INFO 面板服务启动: http://127.0.0.1:8765
2026-08-17 17:49:44,198 INFO 桌宠分层窗口 hwnd=13438150 visible=True
2026-08-17 17:49:44,198 INFO 桌宠窗口 visible=True rect=12,12 402x438
2026-08-17 17:57:24,338 INFO 从心跳恢复未闭合区间 15.0 秒
2026-08-17 17:58:27,380 INFO 从心跳恢复未闭合区间 15.0 秒
2026-08-17 17:59:27,305 INFO 从心跳恢复未闭合区间 15.0 秒
2026-08-17 18:38:37,311 INFO 从心跳恢复未闭合区间 15.0 秒
2026-08-17 19:02:45,999 INFO 采集线程退出
2026-08-17 19:02:46,295 INFO 程序退出
2026-08-17 20:30:27,186 INFO 从心跳恢复未闭合区间 15.0 秒
2026-08-17 20:31:08,417 INFO 已按新规则重算近 7 天分类
2026-08-17 20:31:08,418 INFO 采集线程启动
2026-08-17 20:31:08,420 INFO 面板服务启动: http://127.0.0.1:8765
2026-08-17 20:31:09,967 INFO 桌宠分层窗口 hwnd=3214004 visible=True
2026-08-17 20:31:09,967 INFO 桌宠窗口 visible=True rect=974,12 402x438
2026-08-17 20:54:50,992 INFO 采集线程退出
2026-08-17 20:54:51,120 INFO 程序退出
2026-08-21 17:42:15,429 INFO 从心跳恢复未闭合区间 15.0 秒
2026-08-21 17:59:42,446 INFO 采集线程启动
2026-08-21 17:59:42,453 INFO 面板服务启动: http://127.0.0.1:8765
2026-08-21 17:59:47,283 INFO 桌宠分层窗口 hwnd=67908 visible=True
2026-08-21 17:59:47,284 INFO 桌宠窗口 visible=True rect=2108,330 402x438
2026-08-21 19:11:41,932 INFO 从心跳恢复未闭合区间 15.0 秒
2026-08-21 20:43:58,026 INFO 从心跳恢复未闭合区间 15.0 秒
2026-08-21 20:50:00,383 INFO 从心跳恢复未闭合区间 15.0 秒
2026-08-21 20:58:57,979 INFO 从心跳恢复未闭合区间 15.0 秒
2026-08-21 20:59:43,480 INFO 从心跳恢复未闭合区间 15.0 秒
2026-08-21 20:59:46,258 INFO 从心跳恢复未闭合区间 15.0 秒
2026-08-21 21:04:15,653 INFO 从心跳恢复未闭合区间 15.0 秒
2026-08-21 21:06:08,648 INFO 采集线程退出
2026-08-21 21:06:08,872 INFO 程序退出
2026-08-21 21:09:34,411 INFO 从心跳恢复未闭合区间 15.0 秒
2026-08-21 21:26:12,210 INFO 从心跳恢复未闭合区间 15.0 秒
2026-08-21 21:31:03,030 INFO 从心跳恢复未闭合区间 15.0 秒
2026-08-21 21:31:31,949 INFO 从心跳恢复未闭合区间 15.0 秒
2026-08-21 21:39:40,620 INFO 从心跳恢复未闭合区间 15.0 秒
2026-08-21 21:49:58,188 INFO 从心跳恢复未闭合区间 15.0 秒
2026-08-21 21:52:44,498 INFO 从心跳恢复未闭合区间 15.0 秒
2026-08-21 21:57:31,960 INFO 从心跳恢复未闭合区间 15.0 秒
2026-08-21 21:59:00,409 INFO 从心跳恢复未闭合区间 15.0 秒
2026-08-21 22:06:11,028 INFO 从心跳恢复未闭合区间 15.0 秒
2026-08-21 22:08:20,046 INFO 从心跳恢复未闭合区间 15.0 秒
2026-08-21 22:11:18,482 INFO 从心跳恢复未闭合区间 15.0 秒
2026-08-21 22:13:08,676 INFO 从心跳恢复未闭合区间 15.0 秒
2026-08-21 22:18:50,533 INFO 从心跳恢复未闭合区间 15.0 秒
2026-08-21 22:19:43,830 INFO 从心跳恢复未闭合区间 15.0 秒
2026-08-21 22:22:37,151 INFO 从心跳恢复未闭合区间 15.0 秒
2026-08-21 22:33:34,290 INFO 从心跳恢复未闭合区间 15.0 秒
2026-08-21 22:34:04,475 INFO 从心跳恢复未闭合区间 15.0 秒
2026-08-21 22:40:45,331 INFO 从心跳恢复未闭合区间 15.0 秒
2026-08-21 22:44:04,204 INFO 采集线程启动
2026-08-21 22:44:04,205 INFO 面板服务启动: http://127.0.0.1:8765
2026-08-21 22:44:05,298 INFO 桌宠分层窗口 hwnd=2034612 visible=True
2026-08-21 22:44:05,299 INFO 桌宠窗口 visible=True rect=12,12 402x438
2026-08-21 22:51:10,928 WARNING 桌宠显隐切回界面线程失败
Traceback (most recent call last):
  File "C:\Users\Administrator\Desktop\电脑使用时长统计\app\main_app.py", line 635, in _gui_call
    from System import Action
ModuleNotFoundError: No module named 'System'
2026-08-21 22:51:10,993 INFO 从心跳恢复未闭合区间 15.0 秒
2026-08-21 22:51:41,071 INFO 从心跳恢复未闭合区间 15.0 秒
2026-08-21 22:52:31,218 INFO 从心跳恢复未闭合区间 15.0 秒
2026-08-21 22:52:53,811 INFO 采集线程启动
2026-08-21 22:52:53,812 INFO 面板服务启动: http://127.0.0.1:8765
2026-08-21 22:52:54,863 INFO 桌宠分层窗口 hwnd=524310 visible=False
2026-08-21 22:52:54,863 INFO 桌宠窗口 visible=False rect=1752,20 402x438
2026-08-21 22:52:54,863 WARNING 桌宠窗口不可见，请检查 DPI 坐标
2026-08-21 22:57:46,478 INFO 采集线程退出
2026-08-21 22:57:46,713 INFO 程序退出
2026-08-21 22:57:52,054 INFO 采集线程启动
2026-08-21 22:57:52,056 INFO 面板服务启动: http://127.0.0.1:8765
2026-08-21 22:57:53,000 INFO 桌宠分层窗口 hwnd=7867270 visible=True
2026-08-21 22:57:53,000 INFO 桌宠窗口 visible=True rect=1138,12 402x438
2026-08-21 23:01:28,043 INFO 采集线程退出
2026-08-21 23:01:28,171 INFO 程序退出
2026-08-21 23:01:29,250 INFO 采集线程启动
2026-08-21 23:01:29,252 INFO 面板服务启动: http://127.0.0.1:8765
2026-08-21 23:01:30,166 INFO 桌宠分层窗口 hwnd=10551534 visible=True
2026-08-21 23:01:30,166 INFO 桌宠窗口 visible=True rect=1656,104 402x438
2026-08-21 23:02:06,438 INFO 采集线程退出
2026-08-21 23:02:06,745 INFO 程序退出
2026-08-21 23:02:10,587 INFO 采集线程启动
2026-08-21 23:02:10,588 INFO 面板服务启动: http://127.0.0.1:8765
2026-08-21 23:02:11,460 INFO 桌宠分层窗口 hwnd=4525070 visible=True
2026-08-21 23:02:11,461 INFO 桌宠窗口 visible=True rect=1485,904 402x438
2026-08-21 23:10:22,652 INFO 从心跳恢复未闭合区间 15.0 秒
2026-08-21 23:11:06,881 INFO 从心跳恢复未闭合区间 15.0 秒
2026-08-21 23:11:19,232 INFO 采集线程退出
2026-08-21 23:11:19,537 INFO 程序退出
2026-08-21 23:11:20,463 INFO 采集线程启动
2026-08-21 23:11:20,465 INFO 面板服务启动: http://127.0.0.1:8765
2026-08-21 23:11:21,409 INFO 桌宠分层窗口 hwnd=1379160 visible=True
2026-08-21 23:11:21,409 INFO 桌宠窗口 visible=True rect=892,12 402x438
2026-08-21 23:13:44,122 INFO 从心跳恢复未闭合区间 15.0 秒
2026-08-21 23:13:50,568 INFO 采集线程退出
2026-08-21 23:13:50,995 INFO 程序退出
2026-08-21 23:13:51,780 INFO 采集线程启动
2026-08-21 23:13:51,782 INFO 面板服务启动: http://127.0.0.1:8765
2026-08-21 23:13:52,715 INFO 桌宠分层窗口 hwnd=7736166 visible=True
2026-08-21 23:13:52,715 INFO 桌宠窗口 visible=True rect=12,747 402x438
2026-08-21 23:23:09,498 INFO 从心跳恢复未闭合区间 15.0 秒
2026-08-21 23:23:24,995 INFO 从心跳恢复未闭合区间 15.0 秒
2026-08-21 23:23:39,832 INFO 从心跳恢复未闭合区间 15.0 秒
2026-08-21 23:23:50,665 INFO 采集线程退出
2026-08-21 23:23:50,794 INFO 程序退出
2026-08-21 23:23:51,880 INFO 采集线程启动
2026-08-21 23:23:51,881 INFO 面板服务启动: http://127.0.0.1:8765
2026-08-21 23:23:52,885 INFO 桌宠分层窗口 hwnd=3738510 visible=True
2026-08-21 23:23:52,885 INFO 桌宠窗口 visible=True rect=2146,304 402x438
2026-08-21 23:24:27,653 INFO 采集线程退出
2026-08-21 23:24:27,685 INFO 程序退出
2026-08-21 23:24:31,237 INFO 采集线程启动
2026-08-21 23:24:31,238 INFO 面板服务启动: http://127.0.0.1:8765
2026-08-21 23:24:32,089 INFO 桌宠分层窗口 hwnd=7867238 visible=True
2026-08-21 23:24:32,089 INFO 桌宠窗口 visible=True rect=954,12 402x438
2026-08-21 23:33:10,228 INFO 从心跳恢复未闭合区间 15.0 秒
2026-08-21 23:33:28,536 INFO 采集线程退出
2026-08-21 23:33:28,900 INFO 程序退出
2026-08-21 23:33:44,952 INFO 采集线程启动
2026-08-21 23:33:44,953 INFO 面板服务启动: http://127.0.0.1:8765
2026-08-21 23:33:47,298 INFO 桌宠分层窗口 hwnd=1444660 visible=True
2026-08-21 23:33:47,298 INFO 桌宠窗口 visible=True rect=1186,110 402x438
2026-08-21 23:34:24,444 INFO 采集线程退出
2026-08-21 23:34:24,715 INFO 程序退出
2026-08-21 23:34:27,946 INFO 采集线程启动
2026-08-21 23:34:27,948 INFO 面板服务启动: http://127.0.0.1:8765
2026-08-21 23:34:28,827 INFO 桌宠分层窗口 hwnd=9439562 visible=True
2026-08-21 23:34:28,827 INFO 桌宠窗口 visible=True rect=1322,12 402x438
2026-08-21 23:38:38,040 INFO 从心跳恢复未闭合区间 15.0 秒
2026-08-21 23:41:16,793 INFO 从心跳恢复未闭合区间 15.0 秒
2026-08-21 23:41:44,240 INFO 从心跳恢复未闭合区间 15.0 秒
2026-08-21 23:43:03,612 INFO 采集线程退出
2026-08-21 23:43:03,634 INFO 程序退出
2026-08-21 23:43:24,920 INFO 采集线程启动
2026-08-21 23:43:24,922 INFO 面板服务启动: http://127.0.0.1:8765
2026-08-21 23:43:26,771 INFO 桌宠分层窗口 hwnd=7736098 visible=True
2026-08-21 23:43:26,772 INFO 桌宠窗口 visible=True rect=558,12 402x438
2026-08-21 23:53:27,958 INFO 从心跳恢复未闭合区间 15.0 秒
2026-08-21 23:53:47,349 INFO 从心跳恢复未闭合区间 15.0 秒
2026-08-21 23:54:44,893 INFO 采集线程退出
2026-08-21 23:54:45,353 INFO 程序退出
2026-08-21 23:54:47,118 INFO 采集线程启动
2026-08-21 23:54:47,119 INFO 面板服务启动: http://127.0.0.1:8765
2026-08-21 23:54:47,998 INFO 桌宠分层窗口 hwnd=4197262 visible=True
2026-08-21 23:54:47,998 INFO 桌宠窗口 visible=True rect=44,12 402x438
2026-08-21 23:55:23,703 INFO 从心跳恢复未闭合区间 15.0 秒
2026-08-21 23:55:32,451 INFO 采集线程退出
2026-08-21 23:55:32,798 INFO 程序退出
2026-08-21 23:55:34,568 INFO 采集线程启动
2026-08-21 23:55:34,570 INFO 面板服务启动: http://127.0.0.1:8765
2026-08-21 23:55:35,420 INFO 桌宠分层窗口 hwnd=11995924 visible=True
2026-08-21 23:55:35,421 INFO 桌宠窗口 visible=True rect=44,12 402x438
2026-08-21 23:57:21,828 INFO 采集线程退出
2026-08-21 23:57:22,196 INFO 程序退出
2026-08-21 23:57:43,739 INFO 采集线程启动
2026-08-21 23:57:43,740 INFO 面板服务启动: http://127.0.0.1:8765
2026-08-21 23:57:44,709 INFO 桌宠分层窗口 hwnd=2100204 visible=True
2026-08-21 23:57:44,710 INFO 桌宠窗口 visible=True rect=488,748 402x438
2026-08-22 00:03:36,375 INFO 从心跳恢复未闭合区间 15.0 秒
2026-08-22 00:03:55,626 INFO 采集线程退出
2026-08-22 00:03:55,774 INFO 程序退出
2026-08-22 00:03:57,897 INFO 采集线程启动
2026-08-22 00:03:57,899 INFO 面板服务启动: http://127.0.0.1:8765
2026-08-22 00:03:58,796 INFO 桌宠分层窗口 hwnd=8129374 visible=True
2026-08-22 00:03:58,796 INFO 桌宠窗口 visible=True rect=12,358 402x438
2026-08-22 00:05:34,154 INFO 从心跳恢复未闭合区间 15.0 秒
2026-08-22 00:36:20,478 WARNING Failed to delete user data folder: 'NoneType' object has no attribute 'BrowserProcessId'
2026-08-22 00:36:20,483 INFO 采集线程退出
2026-08-22 00:36:20,882 INFO 程序退出
2026-08-22 10:18:53,602 INFO 采集线程启动
2026-08-22 10:18:53,603 INFO 面板服务启动: http://127.0.0.1:8765
2026-08-22 10:18:57,257 INFO 桌宠分层窗口 hwnd=132394 visible=True
2026-08-22 10:18:57,258 INFO 桌宠窗口 visible=True rect=136,38 402x438
2026-08-22 13:21:38,808 INFO 从心跳恢复未闭合区间 15.0 秒
2026-08-22 13:22:02,080 INFO 采集线程启动
2026-08-22 13:22:02,083 INFO 面板服务启动: http://127.0.0.1:8765
2026-08-22 13:22:04,049 INFO 桌宠分层窗口 hwnd=526550 visible=True
2026-08-22 13:22:04,050 INFO 桌宠窗口 visible=True rect=1911,12 402x438
2026-08-22 13:22:45,907 INFO 采集线程退出
2026-08-22 13:31:18,047 INFO 采集线程启动
2026-08-22 13:31:18,051 INFO 面板服务启动: http://127.0.0.1:8765
2026-08-22 13:31:18,110 WARNING Invalid log level '1', using INFO instead
2026-08-22 13:31:19,414 INFO 桌宠分层窗口 hwnd=592158 visible=True
2026-08-22 13:31:19,415 INFO 桌宠窗口 visible=True rect=2146,658 402x438
2026-08-22 13:33:03,519 INFO 采集线程退出
2026-08-22 13:33:42,742 INFO 采集线程启动
2026-08-22 13:33:42,746 INFO 面板服务启动: http://127.0.0.1:8765
2026-08-22 13:33:44,016 INFO 桌宠分层窗口 hwnd=788804 visible=True
2026-08-22 13:33:44,016 INFO 桌宠窗口 visible=True rect=320,417 402x438
2026-08-22 13:34:22,015 INFO 采集线程退出
2026-08-22 13:34:26,295 INFO 采集线程启动
2026-08-22 13:34:26,299 INFO 面板服务启动: http://127.0.0.1:8765
2026-08-22 13:34:27,592 INFO 桌宠分层窗口 hwnd=854262 visible=True
2026-08-22 13:34:27,593 INFO 桌宠窗口 visible=True rect=1390,148 402x438
2026-08-22 13:34:40,744 INFO 采集线程退出
2026-08-22 15:01:58,916 INFO 从心跳恢复未闭合区间 15.0 秒
2026-08-22 15:02:43,138 INFO 从心跳恢复未闭合区间 15.0 秒
2026-08-22 15:12:29,638 INFO 采集线程启动
2026-08-22 15:12:29,640 INFO 面板服务启动: http://127.0.0.1:8765
2026-08-22 15:12:30,866 INFO 桌宠分层窗口 hwnd=4064862 visible=True
2026-08-22 15:12:30,866 INFO 桌宠窗口 visible=True rect=1390,148 402x438
2026-08-22 15:18:41,676 INFO 从心跳恢复未闭合区间 15.0 秒
2026-08-22 15:18:48,208 INFO 采集线程退出
2026-08-22 15:18:48,220 INFO 程序退出
2026-08-22 15:18:56,233 INFO 采集线程启动
2026-08-22 15:18:56,236 INFO 面板服务启动: http://127.0.0.1:8765
2026-08-22 15:18:57,476 INFO 桌宠分层窗口 hwnd=4130398 visible=True
2026-08-22 15:18:57,477 INFO 桌宠窗口 visible=True rect=850,12 402x438
2026-08-22 15:26:39,247 INFO 从心跳恢复未闭合区间 15.0 秒
2026-08-22 15:27:56,435 INFO 从心跳恢复未闭合区间 15.0 秒
2026-08-22 15:28:03,080 INFO 从心跳恢复未闭合区间 6.0 秒
2026-08-22 15:28:03,081 INFO 采集线程启动
2026-08-22 15:28:03,083 INFO 面板服务启动: http://127.0.0.1:8765
2026-08-22 15:28:04,188 INFO 桌宠分层窗口 hwnd=1640300 visible=True
2026-08-22 15:28:04,189 INFO 桌宠窗口 visible=True rect=1731,12 402x438
2026-08-22 15:31:58,745 INFO 从心跳恢复未闭合区间 15.0 秒
2026-08-22 15:32:03,860 INFO 采集线程启动
2026-08-22 15:32:03,863 INFO 面板服务启动: http://127.0.0.1:8765
2026-08-22 15:32:05,158 INFO 桌宠分层窗口 hwnd=1116070 visible=True
2026-08-22 15:32:05,159 INFO 桌宠窗口 visible=True rect=802,12 402x438
2026-08-22 15:32:20,251 INFO 从心跳恢复未闭合区间 15.0 秒
2026-08-22 15:34:18,962 INFO 采集线程退出
2026-08-22 15:34:19,326 INFO 程序退出
2026-08-22 15:34:23,812 INFO 采集线程启动
2026-08-22 15:34:23,814 INFO 面板服务启动: http://127.0.0.1:8765
2026-08-22 15:34:24,988 INFO 桌宠分层窗口 hwnd=5245250 visible=True
2026-08-22 15:34:24,989 INFO 桌宠窗口 visible=True rect=1350,492 402x438
2026-08-22 15:38:59,863 INFO 从心跳恢复未闭合区间 15.0 秒
2026-08-22 15:40:24,242 INFO 从心跳恢复未闭合区间 15.0 秒
2026-08-22 15:41:24,888 INFO 采集线程退出
2026-08-22 15:41:25,171 INFO 程序退出
2026-08-22 15:41:30,022 INFO 采集线程启动
2026-08-22 15:41:30,025 INFO 面板服务启动: http://127.0.0.1:8765
2026-08-22 15:41:31,035 INFO 桌宠分层窗口 hwnd=2885218 visible=False
2026-08-22 15:41:31,036 INFO 桌宠窗口 visible=False rect=422,12 402x438
2026-08-22 15:41:31,036 WARNING 桌宠窗口不可见，请检查 DPI 坐标
2026-08-22 15:41:37,318 INFO 从心跳恢复未闭合区间 15.0 秒
2026-08-22 15:42:39,262 INFO 从心跳恢复未闭合区间 15.0 秒
2026-08-22 15:44:22,203 INFO 从心跳恢复未闭合区间 15.0 秒
2026-08-22 15:48:05,102 INFO 从心跳恢复未闭合区间 15.0 秒
2026-08-22 15:48:10,208 INFO 采集线程退出
2026-08-22 15:48:10,419 INFO 程序退出
2026-08-22 15:48:11,788 INFO 采集线程启动
2026-08-22 15:48:11,791 INFO 面板服务启动: http://127.0.0.1:8765
2026-08-22 15:48:12,853 INFO 桌宠分层窗口 hwnd=2623020 visible=False
2026-08-22 15:48:12,854 INFO 桌宠窗口 visible=False rect=12,536 402x438
2026-08-22 15:48:12,854 WARNING 桌宠窗口不可见，请检查 DPI 坐标
2026-08-22 15:48:50,564 INFO 从心跳恢复未闭合区间 15.0 秒
2026-08-22 15:49:16,057 INFO 从心跳恢复未闭合区间 15.0 秒
2026-08-22 15:49:19,531 INFO 采集线程退出
2026-08-22 15:49:19,865 INFO 程序退出
2026-08-22 15:49:25,020 INFO 采集线程启动
2026-08-22 15:49:25,024 INFO 面板服务启动: http://127.0.0.1:8765
2026-08-22 15:49:26,138 INFO 桌宠分层窗口 hwnd=3672022 visible=False
2026-08-22 15:49:26,139 INFO 桌宠窗口 visible=False rect=1074,12 402x438
2026-08-22 15:49:26,139 WARNING 桌宠窗口不可见，请检查 DPI 坐标
2026-08-22 15:50:28,599 INFO 从心跳恢复未闭合区间 15.0 秒
2026-08-22 15:50:32,244 INFO 采集线程退出
2026-08-22 15:50:32,375 INFO 程序退出
2026-08-22 15:50:37,992 INFO 采集线程启动
2026-08-22 15:50:37,994 INFO 面板服务启动: http://127.0.0.1:8765
2026-08-22 15:50:39,085 INFO 桌宠分层窗口 hwnd=4130484 visible=False
2026-08-22 15:50:39,085 INFO 桌宠窗口 visible=False rect=1074,12 402x438
2026-08-22 15:50:39,085 WARNING 桌宠窗口不可见，请检查 DPI 坐标
2026-08-22 15:52:22,828 INFO 从心跳恢复未闭合区间 15.0 秒
2026-08-22 15:52:41,354 INFO 采集线程退出
2026-08-22 15:52:41,810 INFO 程序退出
2026-08-22 15:53:17,728 INFO 采集线程启动
2026-08-22 15:53:17,730 INFO 面板服务启动: http://127.0.0.1:8765
2026-08-22 15:53:18,709 INFO 桌宠分层窗口 hwnd=2689404 visible=False
2026-08-22 15:53:18,709 INFO 桌宠窗口 visible=False rect=1332,278 402x438
2026-08-22 15:53:18,709 WARNING 桌宠窗口不可见，请检查 DPI 坐标
2026-08-22 15:55:16,893 INFO 采集线程退出
2026-08-22 15:55:16,910 INFO 程序退出
2026-08-22 15:56:22,814 INFO 从心跳恢复未闭合区间 15.0 秒
2026-08-22 15:56:42,084 INFO 从心跳恢复未闭合区间 15.0 秒
2026-08-22 15:56:47,093 INFO 采集线程启动
2026-08-22 15:56:47,095 INFO 面板服务启动: http://127.0.0.1:8765
2026-08-22 15:56:48,173 INFO 桌宠分层窗口 hwnd=854450 visible=False
2026-08-22 15:56:48,173 INFO 桌宠窗口 visible=False rect=1332,278 402x438
2026-08-22 15:56:48,173 WARNING 桌宠窗口不可见，请检查 DPI 坐标
2026-08-22 16:02:40,565 INFO 采集线程退出
2026-08-22 16:02:40,912 INFO 程序退出
2026-08-22 16:04:46,251 INFO 从心跳恢复未闭合区间 15.0 秒
2026-08-22 16:04:59,164 INFO 从心跳恢复未闭合区间 15.0 秒
2026-08-22 16:05:05,416 INFO 采集线程启动
2026-08-22 16:05:05,419 INFO 面板服务启动: http://127.0.0.1:8765
2026-08-22 16:05:06,504 INFO 桌宠分层窗口 hwnd=1182190 visible=False
2026-08-22 16:05:06,505 INFO 桌宠窗口 visible=False rect=1332,278 402x438
2026-08-22 16:05:06,505 WARNING 桌宠窗口不可见，请检查 DPI 坐标
2026-08-22 16:05:59,319 INFO 从心跳恢复未闭合区间 15.0 秒
2026-08-22 16:06:17,277 INFO 从心跳恢复未闭合区间 15.0 秒
2026-08-22 16:20:08,958 INFO 采集线程退出
2026-08-22 16:20:09,249 INFO 程序退出
2026-08-22 16:20:11,241 INFO 采集线程启动
2026-08-22 16:20:11,244 INFO 面板服务启动: http://127.0.0.1:8765
2026-08-22 16:20:12,290 INFO 桌宠分层窗口 hwnd=2755122 visible=False
2026-08-22 16:20:12,290 INFO 桌宠窗口 visible=False rect=866,12 402x438
2026-08-22 16:20:12,290 WARNING 桌宠窗口不可见，请检查 DPI 坐标
2026-08-22 17:01:57,015 INFO 采集线程退出
2026-08-22 17:01:57,165 INFO 程序退出
2026-08-22 17:20:44,326 INFO 从心跳恢复未闭合区间 15.0 秒
2026-08-22 17:20:52,531 INFO 采集线程启动
2026-08-22 17:20:52,537 INFO 面板服务启动: http://127.0.0.1:8765
2026-08-22 17:20:54,248 INFO 桌宠分层窗口 hwnd=461468 visible=False
2026-08-22 17:20:54,248 INFO 桌宠窗口 visible=False rect=866,12 402x438
2026-08-22 17:20:54,248 WARNING 桌宠窗口不可见，请检查 DPI 坐标
2026-08-22 17:21:37,232 INFO 采集线程退出
2026-08-22 17:21:37,239 INFO 程序退出
2026-08-22 17:21:51,797 INFO 从心跳恢复未闭合区间 15.0 秒
2026-08-22 17:21:52,363 INFO 采集线程启动
2026-08-22 17:21:52,369 INFO 面板服务启动: http://127.0.0.1:8765
2026-08-22 17:21:53,666 INFO 桌宠分层窗口 hwnd=1313114 visible=False
2026-08-22 17:21:53,666 INFO 桌宠窗口 visible=False rect=866,12 402x438
2026-08-22 17:21:53,666 WARNING 桌宠窗口不可见，请检查 DPI 坐标
2026-08-22 17:25:46,727 INFO 采集线程退出
2026-08-22 17:25:47,114 INFO 程序退出
2026-08-22 18:21:56,484 INFO 从心跳恢复未闭合区间 15.0 秒
2026-08-22 18:22:10,860 INFO 采集线程启动
2026-08-22 18:22:10,863 INFO 面板服务启动: http://127.0.0.1:8765
2026-08-22 18:22:12,092 INFO 桌宠分层窗口 hwnd=14616212 visible=False
2026-08-22 18:22:12,093 INFO 桌宠窗口 visible=False rect=866,12 402x438
2026-08-22 18:22:12,093 WARNING 桌宠窗口不可见，请检查 DPI 坐标
2026-08-22 18:22:59,004 INFO 从心跳恢复未闭合区间 15.0 秒
2026-08-22 18:23:16,047 INFO 从心跳恢复未闭合区间 15.0 秒
2026-08-22 18:23:52,075 INFO 从心跳恢复未闭合区间 15.0 秒
2026-08-22 18:23:52,532 INFO 采集线程退出
2026-08-22 18:23:52,895 INFO 程序退出
2026-08-22 18:23:54,706 INFO 采集线程启动
2026-08-22 18:23:54,709 INFO 面板服务启动: http://127.0.0.1:8765
2026-08-22 18:23:55,801 INFO 桌宠分层窗口 hwnd=3082094 visible=False
2026-08-22 18:23:55,801 INFO 桌宠窗口 visible=False rect=866,12 402x438
2026-08-22 18:23:55,801 WARNING 桌宠窗口不可见，请检查 DPI 坐标
2026-08-22 18:28:09,686 INFO 从心跳恢复未闭合区间 15.0 秒
2026-08-22 18:28:24,905 INFO 从心跳恢复未闭合区间 15.0 秒
2026-08-22 18:28:34,283 INFO 采集线程退出
2026-08-22 18:28:34,742 INFO 程序退出
2026-08-22 18:28:37,823 INFO 采集线程启动
2026-08-22 18:28:37,826 INFO 面板服务启动: http://127.0.0.1:8765
2026-08-22 18:28:38,897 INFO 桌宠分层窗口 hwnd=2493006 visible=True
2026-08-22 18:28:38,898 INFO 桌宠窗口 visible=True rect=2146,840 402x438
2026-08-22 18:31:50,248 INFO 从心跳恢复未闭合区间 15.0 秒
2026-08-22 18:31:58,219 INFO 采集线程退出
2026-08-22 18:31:58,603 INFO 程序退出
2026-08-22 18:32:01,762 INFO 采集线程启动
2026-08-22 18:32:01,765 INFO 面板服务启动: http://127.0.0.1:8765
2026-08-22 18:32:02,813 INFO 桌宠分层窗口 hwnd=3278490 visible=False
2026-08-22 18:32:02,814 INFO 桌宠窗口 visible=False rect=612,214 402x438
2026-08-22 18:32:02,814 WARNING 桌宠窗口不可见，请检查 DPI 坐标
2026-08-22 18:39:22,956 INFO 从心跳恢复未闭合区间 15.0 秒
2026-08-22 18:39:43,545 INFO 从心跳恢复未闭合区间 15.0 秒
2026-08-22 18:39:57,464 INFO 采集线程退出
2026-08-22 18:39:57,822 INFO 程序退出
2026-08-22 18:40:00,929 INFO 采集线程启动
2026-08-22 18:40:00,932 INFO 面板服务启动: http://127.0.0.1:8765
2026-08-22 18:40:01,983 INFO 桌宠分层窗口 hwnd=3409746 visible=True
2026-08-22 18:40:01,983 INFO 桌宠窗口 visible=True rect=52,794 402x438
2026-08-22 18:41:27,027 INFO 从心跳恢复未闭合区间 15.0 秒
2026-08-22 18:41:36,458 INFO 采集线程退出
2026-08-22 18:41:36,577 INFO 程序退出
2026-08-22 18:41:40,029 INFO 采集线程启动
2026-08-22 18:41:40,032 INFO 面板服务启动: http://127.0.0.1:8765
2026-08-22 18:41:41,071 INFO 桌宠分层窗口 hwnd=1837456 visible=True
2026-08-22 18:41:41,071 INFO 桌宠窗口 visible=True rect=52,794 402x438
2026-08-22 18:44:12,196 INFO 从心跳恢复未闭合区间 15.0 秒
2026-08-22 18:44:20,420 INFO 采集线程退出
2026-08-22 18:44:20,767 INFO 程序退出
2026-08-22 18:44:23,938 INFO 采集线程启动
2026-08-22 18:44:23,941 INFO 面板服务启动: http://127.0.0.1:8765
2026-08-22 18:44:25,050 INFO 桌宠分层窗口 hwnd=2295446 visible=True
2026-08-22 18:44:25,050 INFO 桌宠窗口 visible=True rect=2146,12 402x438
2026-08-22 18:50:12,329 INFO 从心跳恢复未闭合区间 15.0 秒
2026-08-22 18:50:20,223 INFO 采集线程退出
2026-08-22 18:50:20,714 INFO 程序退出
2026-08-22 18:50:23,742 INFO 采集线程启动
2026-08-22 18:50:23,745 INFO 面板服务启动: http://127.0.0.1:8765
2026-08-22 18:50:25,040 INFO 桌宠分层窗口 hwnd=3475308 visible=True
2026-08-22 18:50:25,040 INFO 桌宠窗口 visible=True rect=2120,765 402x438
2026-08-22 18:57:05,317 INFO 从心跳恢复未闭合区间 15.0 秒
2026-08-22 18:57:43,124 INFO 从心跳恢复未闭合区间 15.0 秒
2026-08-22 18:57:59,191 INFO 采集线程退出
2026-08-22 18:57:59,265 INFO 程序退出
2026-08-22 18:58:02,930 INFO 采集线程启动
2026-08-22 18:58:02,933 INFO 面板服务启动: http://127.0.0.1:8765
2026-08-22 18:58:04,033 INFO 桌宠分层窗口 hwnd=3540846 visible=True
2026-08-22 18:58:04,033 INFO 桌宠窗口 visible=True rect=2100,496 402x438
2026-08-22 19:00:11,137 INFO 从心跳恢复未闭合区间 15.0 秒
2026-08-22 19:00:20,226 INFO 采集线程退出
2026-08-22 19:00:20,641 INFO 程序退出
2026-08-22 19:00:23,924 INFO 采集线程启动
2026-08-22 19:00:23,927 INFO 面板服务启动: http://127.0.0.1:8765
2026-08-22 19:00:25,151 INFO 桌宠分层窗口 hwnd=1836962 visible=True
2026-08-22 19:00:25,151 INFO 桌宠窗口 visible=True rect=2100,496 402x438
2026-08-22 19:02:53,696 INFO 从心跳恢复未闭合区间 15.0 秒
2026-08-22 19:02:54,242 INFO 采集线程退出
2026-08-22 19:02:54,345 INFO 程序退出
2026-08-22 19:02:57,691 INFO 采集线程启动
2026-08-22 19:02:57,695 INFO 面板服务启动: http://127.0.0.1:8765
2026-08-22 19:02:59,001 INFO 桌宠分层窗口 hwnd=2820428 visible=True
2026-08-22 19:02:59,002 INFO 桌宠窗口 visible=True rect=2100,496 402x438
2026-08-22 19:04:21,579 INFO 采集线程退出
2026-08-22 19:04:21,911 INFO 程序退出
2026-08-22 19:04:23,312 INFO 采集线程启动
2026-08-22 19:04:23,314 INFO 面板服务启动: http://127.0.0.1:8765
2026-08-22 19:04:24,501 INFO 桌宠分层窗口 hwnd=5900944 visible=True
2026-08-22 19:04:24,501 INFO 桌宠窗口 visible=True rect=2100,496 402x438
2026-08-22 19:06:23,440 INFO 采集线程退出
2026-08-22 19:06:23,719 INFO 程序退出
2026-08-22 19:06:27,554 INFO 采集线程启动
2026-08-22 19:06:27,557 INFO 面板服务启动: http://127.0.0.1:8765
2026-08-22 19:06:28,839 INFO 桌宠分层窗口 hwnd=5048004 visible=True
2026-08-22 19:06:28,839 INFO 桌宠窗口 visible=True rect=2100,496 402x438
2026-08-22 19:06:38,916 INFO 从心跳恢复未闭合区间 15.0 秒
2026-08-22 19:08:04,707 INFO 采集线程退出
2026-08-22 19:08:05,062 INFO 程序退出
2026-08-22 19:08:08,725 INFO 采集线程启动
2026-08-22 19:08:08,727 INFO 面板服务启动: http://127.0.0.1:8765
2026-08-22 19:08:09,962 INFO 桌宠分层窗口 hwnd=3999570 visible=True
2026-08-22 19:08:09,963 INFO 桌宠窗口 visible=True rect=2100,496 402x438
2026-08-22 19:08:15,343 INFO 从心跳恢复未闭合区间 15.0 秒
2026-08-22 19:09:40,695 INFO 采集线程退出
2026-08-22 19:09:41,043 INFO 程序退出
2026-08-22 19:09:44,780 INFO 采集线程启动
2026-08-22 19:09:44,783 INFO 面板服务启动: http://127.0.0.1:8765
2026-08-22 19:09:45,980 INFO 桌宠分层窗口 hwnd=5900464 visible=True
2026-08-22 19:09:45,980 INFO 桌宠窗口 visible=True rect=2100,496 402x438
2026-08-22 19:09:48,125 INFO 从心跳恢复未闭合区间 15.0 秒
2026-08-22 19:10:28,895 INFO 从心跳恢复未闭合区间 15.0 秒
2026-08-22 19:10:36,475 INFO 采集线程退出
2026-08-22 19:10:36,834 INFO 程序退出
2026-08-22 19:10:40,538 INFO 采集线程启动
2026-08-22 19:10:40,540 INFO 面板服务启动: http://127.0.0.1:8765
2026-08-22 19:10:41,773 INFO 桌宠分层窗口 hwnd=8522508 visible=True
2026-08-22 19:10:41,773 INFO 桌宠窗口 visible=True rect=2100,496 402x438
2026-08-22 19:26:36,114 INFO 从心跳恢复未闭合区间 15.0 秒
2026-08-22 19:28:20,231 INFO 从心跳恢复未闭合区间 15.0 秒
2026-08-22 19:28:52,328 INFO 从心跳恢复未闭合区间 15.0 秒
2026-08-22 19:29:05,017 INFO 采集线程退出
2026-08-22 19:29:05,470 INFO 程序退出
2026-08-22 19:29:09,161 INFO 采集线程启动
2026-08-22 19:29:09,163 INFO 面板服务启动: http://127.0.0.1:8765
2026-08-22 19:29:10,378 INFO 桌宠分层窗口 hwnd=5375684 visible=True
2026-08-22 19:29:10,379 INFO 桌宠窗口 visible=True rect=2146,664 402x438
2026-08-22 19:30:43,901 INFO 从心跳恢复未闭合区间 15.0 秒
2026-08-22 19:30:44,532 INFO 采集线程退出
2026-08-22 19:30:44,548 INFO 程序退出
2026-08-22 19:30:48,841 INFO 采集线程启动
2026-08-22 19:30:48,845 INFO 面板服务启动: http://127.0.0.1:8765
2026-08-22 19:30:50,025 INFO 桌宠分层窗口 hwnd=1510008 visible=True
2026-08-22 19:30:50,025 INFO 桌宠窗口 visible=True rect=2146,664 402x438
2026-08-22 19:33:54,513 INFO 采集线程退出
2026-08-22 19:33:54,741 INFO 程序退出
2026-08-22 19:33:59,774 INFO 采集线程启动
2026-08-22 19:33:59,777 INFO 面板服务启动: http://127.0.0.1:8765
2026-08-22 19:34:00,806 INFO 桌宠分层窗口 hwnd=1706696 visible=True
2026-08-22 19:34:00,807 INFO 桌宠窗口 visible=True rect=2030,442 519x555
2026-08-22 19:38:35,465 INFO 从心跳恢复未闭合区间 15.0 秒
2026-08-22 19:38:47,798 INFO 采集线程退出
2026-08-22 19:38:47,977 INFO 程序退出
2026-08-22 19:38:52,268 INFO 采集线程启动
2026-08-22 19:38:52,271 INFO 面板服务启动: http://127.0.0.1:8765
2026-08-22 19:38:53,432 INFO 桌宠分层窗口 hwnd=2558934 visible=True
2026-08-22 19:38:53,432 INFO 桌宠窗口 visible=True rect=1797,476 519x555
2026-08-22 19:47:35,692 INFO 从心跳恢复未闭合区间 15.0 秒
2026-08-22 19:48:35,992 INFO 从心跳恢复未闭合区间 15.0 秒
2026-08-22 19:48:42,344 INFO 采集线程退出
2026-08-22 19:48:42,597 INFO 程序退出
2026-08-22 19:48:59,474 INFO 采集线程启动
2026-08-22 19:48:59,475 INFO 面板服务启动: http://127.0.0.1:8765
2026-08-22 19:49:00,564 INFO 桌宠分层窗口 hwnd=3279212 visible=True
2026-08-22 19:49:00,564 INFO 桌宠窗口 visible=True rect=1077,54 519x555
2026-08-22 19:50:30,613 INFO 采集线程退出
2026-08-22 19:50:30,728 INFO 程序退出
2026-08-22 19:50:49,139 INFO 采集线程启动
2026-08-22 19:50:49,141 INFO 面板服务启动: http://127.0.0.1:8765
2026-08-22 19:50:50,224 INFO 桌宠分层窗口 hwnd=1313528 visible=True
2026-08-22 19:50:50,224 INFO 桌宠窗口 visible=True rect=1077,54 519x555
2026-08-22 19:51:48,132 INFO 从心跳恢复未闭合区间 15.0 秒
2026-08-22 19:51:53,475 INFO 采集线程退出
2026-08-22 19:51:53,896 INFO 程序退出
2026-08-22 19:51:55,490 INFO 采集线程启动
2026-08-22 19:51:55,491 INFO 面板服务启动: http://127.0.0.1:8765
2026-08-22 19:51:56,677 INFO 桌宠分层窗口 hwnd=2295694 visible=True
2026-08-22 19:51:56,691 INFO 桌宠窗口 visible=False rect=1077,54 519x555
2026-08-22 19:51:56,691 WARNING 桌宠窗口不可见，请检查 DPI 坐标
2026-08-22 19:52:44,059 INFO 采集线程退出
2026-08-22 19:52:44,445 INFO 程序退出
2026-08-22 19:52:47,217 INFO 采集线程启动
2026-08-22 19:52:47,218 INFO 面板服务启动: http://127.0.0.1:8765
2026-08-22 19:52:48,299 INFO 桌宠分层窗口 hwnd=7736616 visible=True
2026-08-22 19:52:48,301 INFO 桌宠窗口 visible=False rect=1077,54 519x555
2026-08-22 19:52:48,302 WARNING 桌宠窗口不可见，请检查 DPI 坐标
2026-08-22 19:59:36,630 INFO 从心跳恢复未闭合区间 15.0 秒
2026-08-22 19:59:45,716 INFO 采集线程退出
2026-08-22 19:59:46,071 INFO 程序退出
2026-08-22 19:59:47,523 INFO 采集线程启动
2026-08-22 19:59:47,525 INFO 面板服务启动: http://127.0.0.1:8765
2026-08-22 19:59:48,865 INFO 桌宠分层窗口 hwnd=5572128 visible=True
2026-08-22 19:59:48,870 INFO 桌宠窗口 visible=False rect=1262,316 519x555
2026-08-22 19:59:48,870 WARNING 桌宠窗口不可见，请检查 DPI 坐标
2026-08-22 20:04:35,440 INFO 从心跳恢复未闭合区间 15.0 秒
2026-08-22 20:04:36,010 INFO 采集线程退出
2026-08-22 20:04:36,121 INFO 程序退出
2026-08-22 20:04:37,587 INFO 采集线程启动
2026-08-22 20:04:37,589 INFO 面板服务启动: http://127.0.0.1:8765
2026-08-22 20:04:38,786 INFO 桌宠分层窗口 hwnd=4982636 visible=True
2026-08-22 20:04:38,788 INFO 桌宠窗口 visible=False rect=2030,580 519x555
2026-08-22 20:04:38,789 WARNING 桌宠窗口不可见，请检查 DPI 坐标
2026-08-22 20:04:58,025 INFO 采集线程退出
2026-08-22 20:04:58,064 INFO 程序退出
2026-08-22 20:05:00,509 INFO 采集线程启动
2026-08-22 20:05:00,510 INFO 面板服务启动: http://127.0.0.1:8765
2026-08-22 20:05:01,545 INFO 桌宠分层窗口 hwnd=1314048 visible=True
2026-08-22 20:05:01,548 INFO 桌宠窗口 visible=False rect=2030,580 519x555
2026-08-22 20:05:01,548 WARNING 桌宠窗口不可见，请检查 DPI 坐标
2026-08-22 20:07:39,923 INFO 采集线程退出
2026-08-22 20:07:40,286 INFO 程序退出
2026-08-22 20:07:41,512 INFO 采集线程启动
2026-08-22 20:07:41,514 INFO 面板服务启动: http://127.0.0.1:8765
2026-08-22 20:07:42,664 INFO 桌宠分层窗口 hwnd=2230922 visible=True
2026-08-22 20:07:42,666 INFO 桌宠窗口 visible=False rect=2030,580 519x555
2026-08-22 20:07:42,666 WARNING 桌宠窗口不可见，请检查 DPI 坐标
2026-08-22 20:07:51,470 INFO 从心跳恢复未闭合区间 15.0 秒
2026-08-22 20:07:51,978 INFO 采集线程退出
2026-08-22 20:07:52,345 INFO 程序退出
2026-08-22 20:07:53,512 INFO 采集线程启动
2026-08-22 20:07:53,514 INFO 面板服务启动: http://127.0.0.1:8765
2026-08-22 20:07:54,702 INFO 桌宠分层窗口 hwnd=2424948 visible=True
2026-08-22 20:07:54,704 INFO 桌宠窗口 visible=False rect=2030,580 519x555
2026-08-22 20:07:54,704 WARNING 桌宠窗口不可见，请检查 DPI 坐标
2026-08-22 20:09:18,760 INFO 从心跳恢复未闭合区间 15.0 秒
2026-08-22 20:09:19,302 INFO 采集线程退出
2026-08-22 20:09:19,660 INFO 程序退出
2026-08-22 20:09:20,804 INFO 采集线程启动
2026-08-22 20:09:20,807 INFO 面板服务启动: http://127.0.0.1:8765
2026-08-22 20:09:21,940 INFO 桌宠分层窗口 hwnd=2490484 visible=True
2026-08-22 20:09:21,943 INFO 桌宠窗口 visible=False rect=2030,580 519x555
2026-08-22 20:09:21,943 WARNING 桌宠窗口不可见，请检查 DPI 坐标
2026-08-22 20:11:26,070 INFO 从心跳恢复未闭合区间 15.0 秒
2026-08-22 20:11:26,560 INFO 采集线程退出
2026-08-22 20:11:26,921 INFO 程序退出
2026-08-22 20:11:28,303 INFO 采集线程启动
2026-08-22 20:11:28,305 INFO 面板服务启动: http://127.0.0.1:8765
2026-08-22 20:11:29,470 INFO 桌宠分层窗口 hwnd=58395210 visible=True
2026-08-22 20:11:29,473 INFO 桌宠窗口 visible=False rect=2030,580 519x555
2026-08-22 20:11:29,473 WARNING 桌宠窗口不可见，请检查 DPI 坐标
2026-08-22 20:15:11,256 INFO 从心跳恢复未闭合区间 15.0 秒
2026-08-22 20:15:11,761 INFO 采集线程退出
2026-08-22 20:15:12,147 INFO 程序退出
2026-08-22 20:15:13,292 INFO 采集线程启动
2026-08-22 20:15:13,294 INFO 面板服务启动: http://127.0.0.1:8765
2026-08-22 20:15:14,473 INFO 桌宠分层窗口 hwnd=23529080 visible=True
2026-08-22 20:15:14,475 INFO 桌宠窗口 visible=False rect=2030,580 519x555
2026-08-22 20:15:14,475 WARNING 桌宠窗口不可见，请检查 DPI 坐标
2026-08-22 20:17:21,583 INFO 从心跳恢复未闭合区间 15.0 秒
2026-08-22 20:17:22,183 INFO 采集线程退出
2026-08-22 20:17:22,532 INFO 程序退出
2026-08-22 20:17:23,713 INFO 采集线程启动
2026-08-22 20:17:23,715 INFO 面板服务启动: http://127.0.0.1:8765
2026-08-22 20:17:24,910 INFO 桌宠分层窗口 hwnd=3868438 visible=True
2026-08-22 20:17:24,914 INFO 桌宠窗口 visible=False rect=2030,580 519x555
2026-08-22 20:17:24,915 WARNING 桌宠窗口不可见，请检查 DPI 坐标
2026-08-22 20:17:56,012 INFO 从心跳恢复未闭合区间 15.0 秒
2026-08-22 20:23:33,036 INFO 从心跳恢复未闭合区间 15.0 秒
2026-08-22 20:23:33,608 INFO 采集线程退出
2026-08-22 20:23:33,968 INFO 程序退出
2026-08-22 20:23:35,161 INFO 采集线程启动
2026-08-22 20:23:35,163 INFO 面板服务启动: http://127.0.0.1:8765
2026-08-22 20:23:36,381 INFO 桌宠分层窗口 hwnd=3607018 visible=True
2026-08-22 20:23:36,384 INFO 桌宠窗口 visible=False rect=2030,580 519x555
2026-08-22 20:23:36,384 WARNING 桌宠窗口不可见，请检查 DPI 坐标
2026-08-22 20:33:47,136 INFO 从心跳恢复未闭合区间 15.0 秒
2026-08-22 20:33:47,657 INFO 采集线程退出
2026-08-22 20:33:48,074 INFO 程序退出
2026-08-22 20:33:49,239 INFO 采集线程启动
2026-08-22 20:33:49,243 INFO 面板服务启动: http://127.0.0.1:8765
2026-08-22 20:33:52,509 INFO 桌宠分层窗口 hwnd=60099146 visible=True
2026-08-22 20:33:52,513 INFO 桌宠窗口 visible=False rect=2030,441 519x555
2026-08-22 20:33:52,513 WARNING 桌宠窗口不可见，请检查 DPI 坐标
2026-08-22 20:54:40,012 INFO 从心跳恢复未闭合区间 15.0 秒
2026-08-22 20:55:22,501 INFO 从心跳恢复未闭合区间 15.0 秒
2026-08-22 20:55:23,059 INFO 采集线程退出
2026-08-22 20:55:23,410 INFO 程序退出
2026-08-22 20:55:24,639 INFO 采集线程启动
2026-08-22 20:55:24,642 INFO 面板服务启动: http://127.0.0.1:8765
2026-08-22 20:55:28,161 INFO 桌宠分层窗口 hwnd=855298 visible=True
2026-08-22 20:55:28,165 INFO 桌宠窗口 visible=False rect=1989,153 519x555
2026-08-22 20:55:28,165 WARNING 桌宠窗口不可见，请检查 DPI 坐标
2026-08-22 20:59:50,216 INFO 从心跳恢复未闭合区间 15.0 秒
2026-08-22 20:59:52,046 INFO 采集线程退出
2026-08-22 20:59:52,381 INFO 程序退出
2026-08-22 20:59:53,617 INFO 采集线程启动
2026-08-22 20:59:53,621 INFO 面板服务启动: http://127.0.0.1:8765
2026-08-22 20:59:57,141 INFO 桌宠分层窗口 hwnd=3606632 visible=True
2026-08-22 20:59:57,143 INFO 桌宠窗口 visible=False rect=1989,153 519x555
2026-08-22 20:59:57,143 WARNING 桌宠窗口不可见，请检查 DPI 坐标
2026-08-22 21:04:56,891 INFO 从心跳恢复未闭合区间 15.0 秒
2026-08-22 21:04:57,392 INFO 采集线程退出
2026-08-22 21:04:57,406 INFO 程序退出
2026-08-22 21:04:59,063 INFO 采集线程启动
2026-08-22 21:04:59,067 INFO 面板服务启动: http://127.0.0.1:8765
2026-08-22 21:05:02,169 INFO 桌宠分层窗口 hwnd=8457042 visible=True
2026-08-22 21:05:02,173 INFO 桌宠窗口 visible=False rect=1989,153 519x555
2026-08-22 21:05:02,173 WARNING 桌宠窗口不可见，请检查 DPI 坐标
2026-08-22 21:06:59,678 INFO 从心跳恢复未闭合区间 15.0 秒
2026-08-22 21:07:00,218 INFO 采集线程退出
2026-08-22 21:07:00,275 INFO 程序退出
2026-08-22 21:07:02,037 INFO 采集线程启动
2026-08-22 21:07:02,042 INFO 面板服务启动: http://127.0.0.1:8765
2026-08-22 21:07:05,519 INFO 桌宠分层窗口 hwnd=10489128 visible=True
2026-08-22 21:07:05,521 INFO 桌宠窗口 visible=False rect=1989,153 519x555
2026-08-22 21:07:05,522 WARNING 桌宠窗口不可见，请检查 DPI 坐标
2026-08-22 21:10:06,127 INFO 从心跳恢复未闭合区间 15.0 秒
2026-08-22 21:10:06,716 INFO 采集线程退出
2026-08-22 21:10:06,722 INFO 程序退出
2026-08-22 21:10:08,328 INFO 采集线程启动
2026-08-22 21:10:08,331 INFO 面板服务启动: http://127.0.0.1:8765
2026-08-22 21:10:11,917 INFO 桌宠分层窗口 hwnd=61278794 visible=True
2026-08-22 21:10:11,935 INFO 桌宠窗口 visible=True rect=1128,232 519x555
2026-08-22 21:15:34,193 INFO 从心跳恢复未闭合区间 15.0 秒
2026-08-22 21:16:08,771 INFO 从心跳恢复未闭合区间 15.0 秒
2026-08-22 21:16:09,378 INFO 采集线程退出
2026-08-22 21:16:09,726 INFO 程序退出
2026-08-22 21:16:11,278 INFO 采集线程启动
2026-08-22 21:16:11,284 INFO 面板服务启动: http://127.0.0.1:8765
2026-08-22 21:16:15,042 INFO 桌宠分层窗口 hwnd=61344330 visible=True
2026-08-22 21:16:15,064 INFO 桌宠窗口 visible=True rect=2030,286 519x555
2026-08-22 21:18:14,197 INFO 从心跳恢复未闭合区间 15.0 秒
2026-08-22 21:18:14,786 INFO 采集线程退出
2026-08-22 21:18:15,119 INFO 程序退出
2026-08-22 21:18:16,381 INFO 采集线程启动
2026-08-22 21:18:16,387 INFO 面板服务启动: http://127.0.0.1:8765
2026-08-22 21:18:18,902 WARNING 桌宠显隐切回界面线程失败
Traceback (most recent call last):
  File "D:\个人项目\电脑使用时长统计\Ticko\app\main_app.py", line 782, in _gui_call
    from System import Action
ModuleNotFoundError: No module named 'System'
2026-08-22 21:18:19,880 INFO 桌宠分层窗口 hwnd=4458986 visible=True
2026-08-22 21:18:19,901 INFO 桌宠窗口 visible=True rect=2030,286 519x555
2026-08-22 21:19:01,420 INFO 从心跳恢复未闭合区间 15.0 秒
2026-08-22 21:19:02,067 INFO 采集线程退出
2026-08-22 21:19:02,083 INFO 程序退出
2026-08-22 21:19:03,657 INFO 采集线程启动
2026-08-22 21:19:03,662 INFO 面板服务启动: http://127.0.0.1:8765
2026-08-22 21:19:06,237 WARNING 桌宠显隐切回界面线程失败
Traceback (most recent call last):
  File "D:\个人项目\电脑使用时长统计\Ticko\app\main_app.py", line 782, in _gui_call
    from System import Action
ModuleNotFoundError: No module named 'System'
2026-08-22 21:19:07,244 INFO 桌宠分层窗口 hwnd=7734816 visible=True
2026-08-22 21:19:07,264 INFO 桌宠窗口 visible=True rect=2030,286 519x555
2026-08-22 21:21:30,464 INFO 从心跳恢复未闭合区间 15.0 秒
2026-08-22 21:21:31,049 INFO 采集线程退出
2026-08-22 21:21:31,395 INFO 程序退出
2026-08-22 21:21:32,950 INFO 采集线程启动
2026-08-22 21:21:32,956 INFO 面板服务启动: http://127.0.0.1:8765
2026-08-22 21:21:36,550 INFO 桌宠分层窗口 hwnd=10815142 visible=True
2026-08-22 21:21:36,576 INFO 桌宠窗口 visible=True rect=348,18 519x555
2026-08-22 21:22:53,815 INFO 采集线程退出
2026-08-22 21:22:53,902 INFO 程序退出
